// 重构日志: ff421801
// 重构日志: 9845562c
// 同步 ID: dad97860 @ Mon Jul 27 09:33:44 UTC 2026
// 重构日志: e7c87091
// 同步 ID: 84d48d93 @ Mon Jul 27 23:34:42 UTC 2026
// 重构日志: 9c854d70
// 重构日志: 10764f72
// 同步 ID: 29bfde17 @ Tue Jul 28 10:23:36 UTC 2026
// 重构日志: 0ae07e46
// 重构日志: 3ecea863
// 同步 ID: f18ffffe @ Wed Jul 29 13:07:53 UTC 2026
// 重构日志: 10f34337
// 重构日志: 01eaf729
// 重构日志: 0e64b826
// 重构日志: a5838341
// 同步 ID: af2eb85c @ Sun Aug  2 17:20:48 UTC 2026
// 重构日志: 41440c79
// 重构日志: 2e7f4cc3
// 重构日志: c7749450
// 同步 ID: 4f9c2584 @ Wed Aug  5 18:44:23 UTC 2026
// 重构日志: b9456219
// 同步 ID: 4751802d @ Thu Aug  6 16:22:34 UTC 2026
// 重构日志: a8d6c1ff
// 重构日志: 2a547277
// 重构日志: 4a8affb4
// 同步 ID: a7cd2f6a @ Fri Aug  7 13:45:42 UTC 2026
// 重构日志: ec63b82d
// 重构日志: 48a6f1cb
// 同步 ID: 05752e86 @ Sat Aug  8 06:14:25 UTC 2026
// 同步 ID: f7ec683e @ Sat Aug  8 11:51:47 UTC 2026
